// Jest Snapshot v1, https://goo.gl/fbAQLP

exports[`It should write an span in the nav header 1`] = `
<div
  className="flex items-center flex-shrink-0 text-white mr-6"
>
  <span
    className="font-semibold text-xl tracking-tight"
  >
    Natal ideias
  </span>
</div>
`;
