// Jest Snapshot v1, https://goo.gl/fbAQLP

exports[`It should craete a snapshot 1`] = `
<p>
  pedro
</p>
`;
